[09-Jul-2026 05:45:13 UTC] PHP Warning:  PHP Startup: Unable to load dynamic library 'php_imagick.dll' (tried: C:/Users/krlle/AppData/Roaming/Local/lightning-services/php-8.2.29+0/bin/win64/ext\php_imagick.dll (Не найден указанный модуль), C:/Users/krlle/AppData/Roaming/Local/lightning-services/php-8.2.29+0/bin/win64/ext\php_php_imagick.dll.dll (Не найден указанный модуль)) in Unknown on line 0
[09-Jul-2026 05:45:25 UTC] PHP Warning:  PHP Startup: Unable to load dynamic library 'php_imagick.dll' (tried: C:/Users/krlle/AppData/Roaming/Local/lightning-services/php-8.2.29+0/bin/win64/ext\php_imagick.dll (Не найден указанный модуль), C:/Users/krlle/AppData/Roaming/Local/lightning-services/php-8.2.29+0/bin/win64/ext\php_php_imagick.dll.dll (Не найден указанный модуль)) in Unknown on line 0
[09-Jul-2026 05:45:26 UTC] PHP Warning:  PHP Startup: Unable to load dynamic library 'php_imagick.dll' (tried: C:/Users/krlle/AppData/Roaming/Local/lightning-services/php-8.2.29+0/bin/win64/ext\php_imagick.dll (Не найден указанный модуль), C:/Users/krlle/AppData/Roaming/Local/lightning-services/php-8.2.29+0/bin/win64/ext\php_php_imagick.dll.dll (Не найден указанный модуль)) in Unknown on line 0
[09-Jul-2026 05:45:41 UTC] PHP Warning:  PHP Startup: Unable to load dynamic library 'php_imagick.dll' (tried: C:/Users/krlle/AppData/Roaming/Local/lightning-services/php-8.2.29+0/bin/win64/ext\php_imagick.dll (Не найден указанный модуль), C:/Users/krlle/AppData/Roaming/Local/lightning-services/php-8.2.29+0/bin/win64/ext\php_php_imagick.dll.dll (Не найден указанный модуль)) in Unknown on line 0
[09-Jul-2026 05:56:26 UTC] PHP Warning:  require(C:\Users\krlle\Local Sites\bishkek-park\app\public/wp-content/themes/twentytwentyfive/inc/post-types.php): Failed to open stream: No such file or directory in C:\Users\krlle\Local Sites\bishkek-park\app\public\wp-content\themes\bishkek-park\functions.php on line 14
[09-Jul-2026 05:56:26 UTC] PHP Fatal error:  Uncaught Error: Failed opening required 'C:\Users\krlle\Local Sites\bishkek-park\app\public/wp-content/themes/twentytwentyfive/inc/post-types.php' (include_path='.:/usr/share/php:/www/wp-content/pear') in C:\Users\krlle\Local Sites\bishkek-park\app\public\wp-content\themes\bishkek-park\functions.php:14
Stack trace:
#0 C:\Users\krlle\Local Sites\bishkek-park\app\public\wp-settings.php(739): include()
#1 C:\Users\krlle\Local Sites\bishkek-park\app\public\wp-config.php(103): require_once('C:\\Users\\krlle\\...')
#2 C:\Users\krlle\Local Sites\bishkek-park\app\public\wp-load.php(50): require_once('C:\\Users\\krlle\\...')
#3 C:\Users\krlle\Local Sites\bishkek-park\app\public\wp-admin\admin-ajax.php(22): require_once('C:\\Users\\krlle\\...')
#4 {main}
  thrown in C:\Users\krlle\Local Sites\bishkek-park\app\public\wp-content\themes\bishkek-park\functions.php on line 14
[09-Jul-2026 05:58:27 UTC] PHP Warning:  require(C:\Users\krlle\Local Sites\bishkek-park\app\public/wp-content/themes/twentytwentyfive/inc/post-types.php): Failed to open stream: No such file or directory in C:\Users\krlle\Local Sites\bishkek-park\app\public\wp-content\themes\bishkek-park\functions.php on line 14
[09-Jul-2026 05:58:27 UTC] PHP Fatal error:  Uncaught Error: Failed opening required 'C:\Users\krlle\Local Sites\bishkek-park\app\public/wp-content/themes/twentytwentyfive/inc/post-types.php' (include_path='.:/usr/share/php:/www/wp-content/pear') in C:\Users\krlle\Local Sites\bishkek-park\app\public\wp-content\themes\bishkek-park\functions.php:14
Stack trace:
#0 C:\Users\krlle\Local Sites\bishkek-park\app\public\wp-settings.php(739): include()
#1 C:\Users\krlle\Local Sites\bishkek-park\app\public\wp-config.php(103): require_once('C:\\Users\\krlle\\...')
#2 C:\Users\krlle\Local Sites\bishkek-park\app\public\wp-load.php(50): require_once('C:\\Users\\krlle\\...')
#3 C:\Users\krlle\Local Sites\bishkek-park\app\public\wp-admin\admin-ajax.php(22): require_once('C:\\Users\\krlle\\...')
#4 {main}
  thrown in C:\Users\krlle\Local Sites\bishkek-park\app\public\wp-content\themes\bishkek-park\functions.php on line 14
[09-Jul-2026 05:59:52 UTC] PHP Warning:  PHP Startup: Unable to load dynamic library 'php_imagick.dll' (tried: C:/Users/krlle/AppData/Roaming/Local/lightning-services/php-8.2.29+0/bin/win64/ext\php_imagick.dll (Не найден указанный модуль), C:/Users/krlle/AppData/Roaming/Local/lightning-services/php-8.2.29+0/bin/win64/ext\php_php_imagick.dll.dll (Не найден указанный модуль)) in Unknown on line 0
[09-Jul-2026 05:59:53 UTC] PHP Warning:  require(C:/Users/krlle/Local Sites/bishkek-park/app/public/wp-content/themes/twentytwentyfive/inc/post-types.php): Failed to open stream: No such file or directory in C:\Users\krlle\Local Sites\bishkek-park\app\public\wp-content\themes\bishkek-park\functions.php on line 14
[09-Jul-2026 05:59:53 UTC] PHP Fatal error:  Uncaught Error: Failed opening required 'C:/Users/krlle/Local Sites/bishkek-park/app/public/wp-content/themes/twentytwentyfive/inc/post-types.php' (include_path='.:/usr/share/php:/www/wp-content/pear') in C:\Users\krlle\Local Sites\bishkek-park\app\public\wp-content\themes\bishkek-park\functions.php:14
Stack trace:
#0 C:\Users\krlle\Local Sites\bishkek-park\app\public\wp-settings.php(739): include()
#1 phar://C:/Users/krlle/AppData/Local/Programs/Local/resources/extraResources/bin/wp-cli/wp-cli.phar/vendor/wp-cli/wp-cli/php/WP_CLI/Runner.php(1374): require('C:\\Users\\krlle\\...')
#2 phar://C:/Users/krlle/AppData/Local/Programs/Local/resources/extraResources/bin/wp-cli/wp-cli.phar/vendor/wp-cli/wp-cli/php/WP_CLI/Runner.php(1293): WP_CLI\Runner->load_wordpress()
#3 phar://C:/Users/krlle/AppData/Local/Programs/Local/resources/extraResources/bin/wp-cli/wp-cli.phar/vendor/wp-cli/wp-cli/php/WP_CLI/Bootstrap/LaunchRunner.php(28): WP_CLI\Runner->start()
#4 phar://C:/Users/krlle/AppData/Local/Programs/Local/resources/extraResources/bin/wp-cli/wp-cli.phar/vendor/wp-cli/wp-cli/php/bootstrap.php(84): WP_CLI\Bootstrap\LaunchRunner->process(Object(WP_CLI\Bootstrap\BootstrapState))
#5 phar://C:/Users/krlle/AppData/Local/Programs/Local/resources/extraResources/bin/wp-cli/wp-cli.phar/vendor/wp-cli/wp-cli/php/wp-cli.php(35): WP_CLI\bootstrap()
#6 phar://C:/Users/krlle/AppData/Local/Programs/Local/resources/extraResources/bin/wp-cli/wp-cli.phar/php/boot-phar.php(20): include('phar://C:/Users...')
#7 C:\Users\krlle\AppData\Local\Programs\Local\resources\extraResources\bin\wp-cli\wp-cli.phar(4): include('phar://C:/Users...')
#8 {main}
  thrown in C:\Users\krlle\Local Sites\bishkek-park\app\public\wp-content\themes\bishkek-park\functions.php on line 14
[09-Jul-2026 05:59:53 UTC] PHP Warning:  PHP Startup: Unable to load dynamic library 'php_imagick.dll' (tried: C:/Users/krlle/AppData/Roaming/Local/lightning-services/php-8.2.29+0/bin/win64/ext\php_imagick.dll (Не найден указанный модуль), C:/Users/krlle/AppData/Roaming/Local/lightning-services/php-8.2.29+0/bin/win64/ext\php_php_imagick.dll.dll (Не найден указанный модуль)) in Unknown on line 0
[09-Jul-2026 05:59:53 UTC] PHP Warning:  require(C:/Users/krlle/Local Sites/bishkek-park/app/public/wp-content/themes/twentytwentyfive/inc/post-types.php): Failed to open stream: No such file or directory in C:\Users\krlle\Local Sites\bishkek-park\app\public\wp-content\themes\bishkek-park\functions.php on line 14
[09-Jul-2026 05:59:53 UTC] PHP Fatal error:  Uncaught Error: Failed opening required 'C:/Users/krlle/Local Sites/bishkek-park/app/public/wp-content/themes/twentytwentyfive/inc/post-types.php' (include_path='.:/usr/share/php:/www/wp-content/pear') in C:\Users\krlle\Local Sites\bishkek-park\app\public\wp-content\themes\bishkek-park\functions.php:14
Stack trace:
#0 C:\Users\krlle\Local Sites\bishkek-park\app\public\wp-settings.php(739): include()
#1 phar://C:/Users/krlle/AppData/Local/Programs/Local/resources/extraResources/bin/wp-cli/wp-cli.phar/vendor/wp-cli/wp-cli/php/WP_CLI/Runner.php(1374): require('C:\\Users\\krlle\\...')
#2 phar://C:/Users/krlle/AppData/Local/Programs/Local/resources/extraResources/bin/wp-cli/wp-cli.phar/vendor/wp-cli/wp-cli/php/WP_CLI/Runner.php(1293): WP_CLI\Runner->load_wordpress()
#3 phar://C:/Users/krlle/AppData/Local/Programs/Local/resources/extraResources/bin/wp-cli/wp-cli.phar/vendor/wp-cli/wp-cli/php/WP_CLI/Bootstrap/LaunchRunner.php(28): WP_CLI\Runner->start()
#4 phar://C:/Users/krlle/AppData/Local/Programs/Local/resources/extraResources/bin/wp-cli/wp-cli.phar/vendor/wp-cli/wp-cli/php/bootstrap.php(84): WP_CLI\Bootstrap\LaunchRunner->process(Object(WP_CLI\Bootstrap\BootstrapState))
#5 phar://C:/Users/krlle/AppData/Local/Programs/Local/resources/extraResources/bin/wp-cli/wp-cli.phar/vendor/wp-cli/wp-cli/php/wp-cli.php(35): WP_CLI\bootstrap()
#6 phar://C:/Users/krlle/AppData/Local/Programs/Local/resources/extraResources/bin/wp-cli/wp-cli.phar/php/boot-phar.php(20): include('phar://C:/Users...')
#7 C:\Users\krlle\AppData\Local\Programs\Local\resources\extraResources\bin\wp-cli\wp-cli.phar(4): include('phar://C:/Users...')
#8 {main}
  thrown in C:\Users\krlle\Local Sites\bishkek-park\app\public\wp-content\themes\bishkek-park\functions.php on line 14
[09-Jul-2026 06:00:28 UTC] PHP Warning:  require(C:\Users\krlle\Local Sites\bishkek-park\app\public/wp-content/themes/twentytwentyfive/inc/post-types.php): Failed to open stream: No such file or directory in C:\Users\krlle\Local Sites\bishkek-park\app\public\wp-content\themes\bishkek-park\functions.php on line 14
[09-Jul-2026 06:00:28 UTC] PHP Fatal error:  Uncaught Error: Failed opening required 'C:\Users\krlle\Local Sites\bishkek-park\app\public/wp-content/themes/twentytwentyfive/inc/post-types.php' (include_path='.:/usr/share/php:/www/wp-content/pear') in C:\Users\krlle\Local Sites\bishkek-park\app\public\wp-content\themes\bishkek-park\functions.php:14
Stack trace:
#0 C:\Users\krlle\Local Sites\bishkek-park\app\public\wp-settings.php(739): include()
#1 C:\Users\krlle\Local Sites\bishkek-park\app\public\wp-config.php(103): require_once('C:\\Users\\krlle\\...')
#2 C:\Users\krlle\Local Sites\bishkek-park\app\public\wp-load.php(50): require_once('C:\\Users\\krlle\\...')
#3 C:\Users\krlle\Local Sites\bishkek-park\app\public\wp-admin\admin-ajax.php(22): require_once('C:\\Users\\krlle\\...')
#4 {main}
  thrown in C:\Users\krlle\Local Sites\bishkek-park\app\public\wp-content\themes\bishkek-park\functions.php on line 14
[09-Jul-2026 06:01:10 UTC] PHP Warning:  PHP Startup: Unable to load dynamic library 'php_imagick.dll' (tried: C:/Users/krlle/AppData/Roaming/Local/lightning-services/php-8.2.29+0/bin/win64/ext\php_imagick.dll (Не найден указанный модуль), C:/Users/krlle/AppData/Roaming/Local/lightning-services/php-8.2.29+0/bin/win64/ext\php_php_imagick.dll.dll (Не найден указанный модуль)) in Unknown on line 0
[09-Jul-2026 06:01:11 UTC] PHP Warning:  require(C:/Users/krlle/Local Sites/bishkek-park/app/public/wp-content/themes/twentytwentyfive/inc/post-types.php): Failed to open stream: No such file or directory in C:\Users\krlle\Local Sites\bishkek-park\app\public\wp-content\themes\bishkek-park\functions.php on line 14
[09-Jul-2026 06:01:11 UTC] PHP Fatal error:  Uncaught Error: Failed opening required 'C:/Users/krlle/Local Sites/bishkek-park/app/public/wp-content/themes/twentytwentyfive/inc/post-types.php' (include_path='.:/usr/share/php:/www/wp-content/pear') in C:\Users\krlle\Local Sites\bishkek-park\app\public\wp-content\themes\bishkek-park\functions.php:14
Stack trace:
#0 C:\Users\krlle\Local Sites\bishkek-park\app\public\wp-settings.php(739): include()
#1 phar://C:/Users/krlle/AppData/Local/Programs/Local/resources/extraResources/bin/wp-cli/wp-cli.phar/vendor/wp-cli/wp-cli/php/WP_CLI/Runner.php(1374): require('C:\\Users\\krlle\\...')
#2 phar://C:/Users/krlle/AppData/Local/Programs/Local/resources/extraResources/bin/wp-cli/wp-cli.phar/vendor/wp-cli/wp-cli/php/WP_CLI/Runner.php(1293): WP_CLI\Runner->load_wordpress()
#3 phar://C:/Users/krlle/AppData/Local/Programs/Local/resources/extraResources/bin/wp-cli/wp-cli.phar/vendor/wp-cli/wp-cli/php/WP_CLI/Bootstrap/LaunchRunner.php(28): WP_CLI\Runner->start()
#4 phar://C:/Users/krlle/AppData/Local/Programs/Local/resources/extraResources/bin/wp-cli/wp-cli.phar/vendor/wp-cli/wp-cli/php/bootstrap.php(84): WP_CLI\Bootstrap\LaunchRunner->process(Object(WP_CLI\Bootstrap\BootstrapState))
#5 phar://C:/Users/krlle/AppData/Local/Programs/Local/resources/extraResources/bin/wp-cli/wp-cli.phar/vendor/wp-cli/wp-cli/php/wp-cli.php(35): WP_CLI\bootstrap()
#6 phar://C:/Users/krlle/AppData/Local/Programs/Local/resources/extraResources/bin/wp-cli/wp-cli.phar/php/boot-phar.php(20): include('phar://C:/Users...')
#7 C:\Users\krlle\AppData\Local\Programs\Local\resources\extraResources\bin\wp-cli\wp-cli.phar(4): include('phar://C:/Users...')
#8 {main}
  thrown in C:\Users\krlle\Local Sites\bishkek-park\app\public\wp-content\themes\bishkek-park\functions.php on line 14
[09-Jul-2026 06:01:24 UTC] PHP Warning:  PHP Startup: Unable to load dynamic library 'php_imagick.dll' (tried: C:/Users/krlle/AppData/Roaming/Local/lightning-services/php-8.2.29+0/bin/win64/ext\php_imagick.dll (Не найден указанный модуль), C:/Users/krlle/AppData/Roaming/Local/lightning-services/php-8.2.29+0/bin/win64/ext\php_php_imagick.dll.dll (Не найден указанный модуль)) in Unknown on line 0
[09-Jul-2026 06:01:25 UTC] PHP Warning:  PHP Startup: Unable to load dynamic library 'php_imagick.dll' (tried: C:/Users/krlle/AppData/Roaming/Local/lightning-services/php-8.2.29+0/bin/win64/ext\php_imagick.dll (Не найден указанный модуль), C:/Users/krlle/AppData/Roaming/Local/lightning-services/php-8.2.29+0/bin/win64/ext\php_php_imagick.dll.dll (Не найден указанный модуль)) in Unknown on line 0
[09-Jul-2026 06:01:25 UTC] PHP Warning:  PHP Startup: Unable to load dynamic library 'php_imagick.dll' (tried: C:/Users/krlle/AppData/Roaming/Local/lightning-services/php-8.2.29+0/bin/win64/ext\php_imagick.dll (Не найден указанный модуль), C:/Users/krlle/AppData/Roaming/Local/lightning-services/php-8.2.29+0/bin/win64/ext\php_php_imagick.dll.dll (Не найден указанный модуль)) in Unknown on line 0
[09-Jul-2026 06:01:26 UTC] PHP Warning:  require(C:/Users/krlle/Local Sites/bishkek-park/app/public/wp-content/themes/twentytwentyfive/inc/post-types.php): Failed to open stream: No such file or directory in C:\Users\krlle\Local Sites\bishkek-park\app\public\wp-content\themes\bishkek-park\functions.php on line 14
[09-Jul-2026 06:01:26 UTC] PHP Fatal error:  Uncaught Error: Failed opening required 'C:/Users/krlle/Local Sites/bishkek-park/app/public/wp-content/themes/twentytwentyfive/inc/post-types.php' (include_path='.:/usr/share/php:/www/wp-content/pear') in C:\Users\krlle\Local Sites\bishkek-park\app\public\wp-content\themes\bishkek-park\functions.php:14
Stack trace:
#0 C:\Users\krlle\Local Sites\bishkek-park\app\public\wp-settings.php(739): include()
#1 phar://C:/Users/krlle/AppData/Local/Programs/Local/resources/extraResources/bin/wp-cli/wp-cli.phar/vendor/wp-cli/wp-cli/php/WP_CLI/Runner.php(1374): require('C:\\Users\\krlle\\...')
#2 phar://C:/Users/krlle/AppData/Local/Programs/Local/resources/extraResources/bin/wp-cli/wp-cli.phar/vendor/wp-cli/wp-cli/php/WP_CLI/Runner.php(1293): WP_CLI\Runner->load_wordpress()
#3 phar://C:/Users/krlle/AppData/Local/Programs/Local/resources/extraResources/bin/wp-cli/wp-cli.phar/vendor/wp-cli/wp-cli/php/WP_CLI/Bootstrap/LaunchRunner.php(28): WP_CLI\Runner->start()
#4 phar://C:/Users/krlle/AppData/Local/Programs/Local/resources/extraResources/bin/wp-cli/wp-cli.phar/vendor/wp-cli/wp-cli/php/bootstrap.php(84): WP_CLI\Bootstrap\LaunchRunner->process(Object(WP_CLI\Bootstrap\BootstrapState))
#5 phar://C:/Users/krlle/AppData/Local/Programs/Local/resources/extraResources/bin/wp-cli/wp-cli.phar/vendor/wp-cli/wp-cli/php/wp-cli.php(35): WP_CLI\bootstrap()
#6 phar://C:/Users/krlle/AppData/Local/Programs/Local/resources/extraResources/bin/wp-cli/wp-cli.phar/php/boot-phar.php(20): include('phar://C:/Users...')
#7 C:\Users\krlle\AppData\Local\Programs\Local\resources\extraResources\bin\wp-cli\wp-cli.phar(4): include('phar://C:/Users...')
#8 {main}
  thrown in C:\Users\krlle\Local Sites\bishkek-park\app\public\wp-content\themes\bishkek-park\functions.php on line 14
[09-Jul-2026 06:01:43 UTC] PHP Warning:  PHP Startup: Unable to load dynamic library 'php_imagick.dll' (tried: C:/Users/krlle/AppData/Roaming/Local/lightning-services/php-8.2.29+0/bin/win64/ext\php_imagick.dll (Не найден указанный модуль), C:/Users/krlle/AppData/Roaming/Local/lightning-services/php-8.2.29+0/bin/win64/ext\php_php_imagick.dll.dll (Не найден указанный модуль)) in Unknown on line 0
[09-Jul-2026 06:01:43 UTC] PHP Warning:  require(C:\Users\krlle\Local Sites\bishkek-park\app\public/wp-content/themes/twentytwentyfive/inc/post-types.php): Failed to open stream: No such file or directory in C:\Users\krlle\Local Sites\bishkek-park\app\public\wp-content\themes\bishkek-park\functions.php on line 14
[09-Jul-2026 06:01:43 UTC] PHP Fatal error:  Uncaught Error: Failed opening required 'C:\Users\krlle\Local Sites\bishkek-park\app\public/wp-content/themes/twentytwentyfive/inc/post-types.php' (include_path='.:/usr/share/php:/www/wp-content/pear') in C:\Users\krlle\Local Sites\bishkek-park\app\public\wp-content\themes\bishkek-park\functions.php:14
Stack trace:
#0 C:\Users\krlle\Local Sites\bishkek-park\app\public\wp-settings.php(739): include()
#1 C:\Users\krlle\Local Sites\bishkek-park\app\public\wp-config.php(104): require_once('C:\\Users\\krlle\\...')
#2 C:\Users\krlle\Local Sites\bishkek-park\app\public\wp-load.php(50): require_once('C:\\Users\\krlle\\...')
#3 C:\Users\krlle\Local Sites\bishkek-park\app\public\debug-load.php(3): require('C:\\Users\\krlle\\...')
#4 {main}
  thrown in C:\Users\krlle\Local Sites\bishkek-park\app\public\wp-content\themes\bishkek-park\functions.php on line 14
[09-Jul-2026 06:02:06 UTC] PHP Warning:  PHP Startup: Unable to load dynamic library 'php_imagick.dll' (tried: C:/Users/krlle/AppData/Roaming/Local/lightning-services/php-8.2.29+0/bin/win64/ext\php_imagick.dll (Не найден указанный модуль), C:/Users/krlle/AppData/Roaming/Local/lightning-services/php-8.2.29+0/bin/win64/ext\php_php_imagick.dll.dll (Не найден указанный модуль)) in Unknown on line 0
[09-Jul-2026 06:02:23 UTC] PHP Warning:  PHP Startup: Unable to load dynamic library 'php_imagick.dll' (tried: C:/Users/krlle/AppData/Roaming/Local/lightning-services/php-8.2.29+0/bin/win64/ext\php_imagick.dll (Не найден указанный модуль), C:/Users/krlle/AppData/Roaming/Local/lightning-services/php-8.2.29+0/bin/win64/ext\php_php_imagick.dll.dll (Не найден указанный модуль)) in Unknown on line 0
[09-Jul-2026 06:02:23 UTC] PHP Warning:  PHP Startup: Unable to load dynamic library 'php_imagick.dll' (tried: C:/Users/krlle/AppData/Roaming/Local/lightning-services/php-8.2.29+0/bin/win64/ext\php_imagick.dll (Не найден указанный модуль), C:/Users/krlle/AppData/Roaming/Local/lightning-services/php-8.2.29+0/bin/win64/ext\php_php_imagick.dll.dll (Не найден указанный модуль)) in Unknown on line 0
[09-Jul-2026 06:02:24 UTC] PHP Warning:  PHP Startup: Unable to load dynamic library 'php_imagick.dll' (tried: C:/Users/krlle/AppData/Roaming/Local/lightning-services/php-8.2.29+0/bin/win64/ext\php_imagick.dll (Не найден указанный модуль), C:/Users/krlle/AppData/Roaming/Local/lightning-services/php-8.2.29+0/bin/win64/ext\php_php_imagick.dll.dll (Не найден указанный модуль)) in Unknown on line 0
[09-Jul-2026 06:02:25 UTC] PHP Warning:  PHP Startup: Unable to load dynamic library 'php_imagick.dll' (tried: C:/Users/krlle/AppData/Roaming/Local/lightning-services/php-8.2.29+0/bin/win64/ext\php_imagick.dll (Не найден указанный модуль), C:/Users/krlle/AppData/Roaming/Local/lightning-services/php-8.2.29+0/bin/win64/ext\php_php_imagick.dll.dll (Не найден указанный модуль)) in Unknown on line 0
[09-Jul-2026 06:02:37 UTC] PHP Warning:  PHP Startup: Unable to load dynamic library 'php_imagick.dll' (tried: C:/Users/krlle/AppData/Roaming/Local/lightning-services/php-8.2.29+0/bin/win64/ext\php_imagick.dll (Не найден указанный модуль), C:/Users/krlle/AppData/Roaming/Local/lightning-services/php-8.2.29+0/bin/win64/ext\php_php_imagick.dll.dll (Не найден указанный модуль)) in Unknown on line 0
[09-Jul-2026 06:02:38 UTC] PHP Warning:  PHP Startup: Unable to load dynamic library 'php_imagick.dll' (tried: C:/Users/krlle/AppData/Roaming/Local/lightning-services/php-8.2.29+0/bin/win64/ext\php_imagick.dll (Не найден указанный модуль), C:/Users/krlle/AppData/Roaming/Local/lightning-services/php-8.2.29+0/bin/win64/ext\php_php_imagick.dll.dll (Не найден указанный модуль)) in Unknown on line 0
[09-Jul-2026 06:02:39 UTC] PHP Warning:  PHP Startup: Unable to load dynamic library 'php_imagick.dll' (tried: C:/Users/krlle/AppData/Roaming/Local/lightning-services/php-8.2.29+0/bin/win64/ext\php_imagick.dll (Не найден указанный модуль), C:/Users/krlle/AppData/Roaming/Local/lightning-services/php-8.2.29+0/bin/win64/ext\php_php_imagick.dll.dll (Не найден указанный модуль)) in Unknown on line 0
[09-Jul-2026 06:02:39 UTC] PHP Warning:  PHP Startup: Unable to load dynamic library 'php_imagick.dll' (tried: C:/Users/krlle/AppData/Roaming/Local/lightning-services/php-8.2.29+0/bin/win64/ext\php_imagick.dll (Не найден указанный модуль), C:/Users/krlle/AppData/Roaming/Local/lightning-services/php-8.2.29+0/bin/win64/ext\php_php_imagick.dll.dll (Не найден указанный модуль)) in Unknown on line 0
[09-Jul-2026 06:02:49 UTC] PHP Warning:  PHP Startup: Unable to load dynamic library 'php_imagick.dll' (tried: C:/Users/krlle/AppData/Roaming/Local/lightning-services/php-8.2.29+0/bin/win64/ext\php_imagick.dll (Не найден указанный модуль), C:/Users/krlle/AppData/Roaming/Local/lightning-services/php-8.2.29+0/bin/win64/ext\php_php_imagick.dll.dll (Не найден указанный модуль)) in Unknown on line 0
[09-Jul-2026 06:02:50 UTC] PHP Warning:  PHP Startup: Unable to load dynamic library 'php_imagick.dll' (tried: C:/Users/krlle/AppData/Roaming/Local/lightning-services/php-8.2.29+0/bin/win64/ext\php_imagick.dll (Не найден указанный модуль), C:/Users/krlle/AppData/Roaming/Local/lightning-services/php-8.2.29+0/bin/win64/ext\php_php_imagick.dll.dll (Не найден указанный модуль)) in Unknown on line 0
[09-Jul-2026 06:03:04 UTC] PHP Warning:  PHP Startup: Unable to load dynamic library 'php_imagick.dll' (tried: C:/Users/krlle/AppData/Roaming/Local/lightning-services/php-8.2.29+0/bin/win64/ext\php_imagick.dll (Не найден указанный модуль), C:/Users/krlle/AppData/Roaming/Local/lightning-services/php-8.2.29+0/bin/win64/ext\php_php_imagick.dll.dll (Не найден указанный модуль)) in Unknown on line 0
[09-Jul-2026 06:03:04 UTC] PHP Warning:  PHP Startup: Unable to load dynamic library 'php_imagick.dll' (tried: C:/Users/krlle/AppData/Roaming/Local/lightning-services/php-8.2.29+0/bin/win64/ext\php_imagick.dll (Не найден указанный модуль), C:/Users/krlle/AppData/Roaming/Local/lightning-services/php-8.2.29+0/bin/win64/ext\php_php_imagick.dll.dll (Не найден указанный модуль)) in Unknown on line 0
[09-Jul-2026 06:03:16 UTC] PHP Warning:  PHP Startup: Unable to load dynamic library 'php_imagick.dll' (tried: C:/Users/krlle/AppData/Roaming/Local/lightning-services/php-8.2.29+0/bin/win64/ext\php_imagick.dll (Не найден указанный модуль), C:/Users/krlle/AppData/Roaming/Local/lightning-services/php-8.2.29+0/bin/win64/ext\php_php_imagick.dll.dll (Не найден указанный модуль)) in Unknown on line 0
[09-Jul-2026 06:03:17 UTC] PHP Warning:  PHP Startup: Unable to load dynamic library 'php_imagick.dll' (tried: C:/Users/krlle/AppData/Roaming/Local/lightning-services/php-8.2.29+0/bin/win64/ext\php_imagick.dll (Не найден указанный модуль), C:/Users/krlle/AppData/Roaming/Local/lightning-services/php-8.2.29+0/bin/win64/ext\php_php_imagick.dll.dll (Не найден указанный модуль)) in Unknown on line 0
[09-Jul-2026 06:03:17 UTC] PHP Warning:  PHP Startup: Unable to load dynamic library 'php_imagick.dll' (tried: C:/Users/krlle/AppData/Roaming/Local/lightning-services/php-8.2.29+0/bin/win64/ext\php_imagick.dll (Не найден указанный модуль), C:/Users/krlle/AppData/Roaming/Local/lightning-services/php-8.2.29+0/bin/win64/ext\php_php_imagick.dll.dll (Не найден указанный модуль)) in Unknown on line 0
[09-Jul-2026 06:03:17 UTC] PHP Warning:  PHP Startup: Unable to load dynamic library 'php_imagick.dll' (tried: C:/Users/krlle/AppData/Roaming/Local/lightning-services/php-8.2.29+0/bin/win64/ext\php_imagick.dll (Не найден указанный модуль), C:/Users/krlle/AppData/Roaming/Local/lightning-services/php-8.2.29+0/bin/win64/ext\php_php_imagick.dll.dll (Не найден указанный модуль)) in Unknown on line 0
[09-Jul-2026 06:03:18 UTC] PHP Warning:  PHP Startup: Unable to load dynamic library 'php_imagick.dll' (tried: C:/Users/krlle/AppData/Roaming/Local/lightning-services/php-8.2.29+0/bin/win64/ext\php_imagick.dll (Не найден указанный модуль), C:/Users/krlle/AppData/Roaming/Local/lightning-services/php-8.2.29+0/bin/win64/ext\php_php_imagick.dll.dll (Не найден указанный модуль)) in Unknown on line 0
[09-Jul-2026 06:03:18 UTC] PHP Warning:  PHP Startup: Unable to load dynamic library 'php_imagick.dll' (tried: C:/Users/krlle/AppData/Roaming/Local/lightning-services/php-8.2.29+0/bin/win64/ext\php_imagick.dll (Не найден указанный модуль), C:/Users/krlle/AppData/Roaming/Local/lightning-services/php-8.2.29+0/bin/win64/ext\php_php_imagick.dll.dll (Не найден указанный модуль)) in Unknown on line 0
[09-Jul-2026 06:03:18 UTC] PHP Warning:  PHP Startup: Unable to load dynamic library 'php_imagick.dll' (tried: C:/Users/krlle/AppData/Roaming/Local/lightning-services/php-8.2.29+0/bin/win64/ext\php_imagick.dll (Не найден указанный модуль), C:/Users/krlle/AppData/Roaming/Local/lightning-services/php-8.2.29+0/bin/win64/ext\php_php_imagick.dll.dll (Не найден указанный модуль)) in Unknown on line 0
[09-Jul-2026 06:03:19 UTC] PHP Warning:  PHP Startup: Unable to load dynamic library 'php_imagick.dll' (tried: C:/Users/krlle/AppData/Roaming/Local/lightning-services/php-8.2.29+0/bin/win64/ext\php_imagick.dll (Не найден указанный модуль), C:/Users/krlle/AppData/Roaming/Local/lightning-services/php-8.2.29+0/bin/win64/ext\php_php_imagick.dll.dll (Не найден указанный модуль)) in Unknown on line 0
[09-Jul-2026 06:03:19 UTC] PHP Warning:  PHP Startup: Unable to load dynamic library 'php_imagick.dll' (tried: C:/Users/krlle/AppData/Roaming/Local/lightning-services/php-8.2.29+0/bin/win64/ext\php_imagick.dll (Не найден указанный модуль), C:/Users/krlle/AppData/Roaming/Local/lightning-services/php-8.2.29+0/bin/win64/ext\php_php_imagick.dll.dll (Не найден указанный модуль)) in Unknown on line 0
[09-Jul-2026 06:03:20 UTC] PHP Warning:  PHP Startup: Unable to load dynamic library 'php_imagick.dll' (tried: C:/Users/krlle/AppData/Roaming/Local/lightning-services/php-8.2.29+0/bin/win64/ext\php_imagick.dll (Не найден указанный модуль), C:/Users/krlle/AppData/Roaming/Local/lightning-services/php-8.2.29+0/bin/win64/ext\php_php_imagick.dll.dll (Не найден указанный модуль)) in Unknown on line 0
[09-Jul-2026 06:03:20 UTC] PHP Warning:  PHP Startup: Unable to load dynamic library 'php_imagick.dll' (tried: C:/Users/krlle/AppData/Roaming/Local/lightning-services/php-8.2.29+0/bin/win64/ext\php_imagick.dll (Не найден указанный модуль), C:/Users/krlle/AppData/Roaming/Local/lightning-services/php-8.2.29+0/bin/win64/ext\php_php_imagick.dll.dll (Не найден указанный модуль)) in Unknown on line 0
[09-Jul-2026 06:03:21 UTC] PHP Warning:  PHP Startup: Unable to load dynamic library 'php_imagick.dll' (tried: C:/Users/krlle/AppData/Roaming/Local/lightning-services/php-8.2.29+0/bin/win64/ext\php_imagick.dll (Не найден указанный модуль), C:/Users/krlle/AppData/Roaming/Local/lightning-services/php-8.2.29+0/bin/win64/ext\php_php_imagick.dll.dll (Не найден указанный модуль)) in Unknown on line 0
[09-Jul-2026 06:03:21 UTC] PHP Warning:  PHP Startup: Unable to load dynamic library 'php_imagick.dll' (tried: C:/Users/krlle/AppData/Roaming/Local/lightning-services/php-8.2.29+0/bin/win64/ext\php_imagick.dll (Не найден указанный модуль), C:/Users/krlle/AppData/Roaming/Local/lightning-services/php-8.2.29+0/bin/win64/ext\php_php_imagick.dll.dll (Не найден указанный модуль)) in Unknown on line 0
[09-Jul-2026 06:03:35 UTC] PHP Warning:  PHP Startup: Unable to load dynamic library 'php_imagick.dll' (tried: C:/Users/krlle/AppData/Roaming/Local/lightning-services/php-8.2.29+0/bin/win64/ext\php_imagick.dll (Не найден указанный модуль), C:/Users/krlle/AppData/Roaming/Local/lightning-services/php-8.2.29+0/bin/win64/ext\php_php_imagick.dll.dll (Не найден указанный модуль)) in Unknown on line 0
[09-Jul-2026 06:03:45 UTC] PHP Warning:  PHP Startup: Unable to load dynamic library 'php_imagick.dll' (tried: C:/Users/krlle/AppData/Roaming/Local/lightning-services/php-8.2.29+0/bin/win64/ext\php_imagick.dll (Не найден указанный модуль), C:/Users/krlle/AppData/Roaming/Local/lightning-services/php-8.2.29+0/bin/win64/ext\php_php_imagick.dll.dll (Не найден указанный модуль)) in Unknown on line 0
[09-Jul-2026 06:04:02 UTC] PHP Warning:  PHP Startup: Unable to load dynamic library 'php_imagick.dll' (tried: C:/Users/krlle/AppData/Roaming/Local/lightning-services/php-8.2.29+0/bin/win64/ext\php_imagick.dll (Не найден указанный модуль), C:/Users/krlle/AppData/Roaming/Local/lightning-services/php-8.2.29+0/bin/win64/ext\php_php_imagick.dll.dll (Не найден указанный модуль)) in Unknown on line 0
[09-Jul-2026 06:04:02 UTC] PHP Warning:  PHP Startup: Unable to load dynamic library 'php_imagick.dll' (tried: C:/Users/krlle/AppData/Roaming/Local/lightning-services/php-8.2.29+0/bin/win64/ext\php_imagick.dll (Не найден указанный модуль), C:/Users/krlle/AppData/Roaming/Local/lightning-services/php-8.2.29+0/bin/win64/ext\php_php_imagick.dll.dll (Не найден указанный модуль)) in Unknown on line 0
[09-Jul-2026 06:04:03 UTC] PHP Warning:  PHP Startup: Unable to load dynamic library 'php_imagick.dll' (tried: C:/Users/krlle/AppData/Roaming/Local/lightning-services/php-8.2.29+0/bin/win64/ext\php_imagick.dll (Не найден указанный модуль), C:/Users/krlle/AppData/Roaming/Local/lightning-services/php-8.2.29+0/bin/win64/ext\php_php_imagick.dll.dll (Не найден указанный модуль)) in Unknown on line 0
[09-Jul-2026 06:04:18 UTC] PHP Warning:  PHP Startup: Unable to load dynamic library 'php_imagick.dll' (tried: C:/Users/krlle/AppData/Roaming/Local/lightning-services/php-8.2.29+0/bin/win64/ext\php_imagick.dll (Не найден указанный модуль), C:/Users/krlle/AppData/Roaming/Local/lightning-services/php-8.2.29+0/bin/win64/ext\php_php_imagick.dll.dll (Не найден указанный модуль)) in Unknown on line 0
[09-Jul-2026 06:04:49 UTC] PHP Warning:  PHP Startup: Unable to load dynamic library 'php_imagick.dll' (tried: C:/Users/krlle/AppData/Roaming/Local/lightning-services/php-8.2.29+0/bin/win64/ext\php_imagick.dll (Не найден указанный модуль), C:/Users/krlle/AppData/Roaming/Local/lightning-services/php-8.2.29+0/bin/win64/ext\php_php_imagick.dll.dll (Не найден указанный модуль)) in Unknown on line 0
[09-Jul-2026 06:05:13 UTC] PHP Warning:  PHP Startup: Unable to load dynamic library 'php_imagick.dll' (tried: C:/Users/krlle/AppData/Roaming/Local/lightning-services/php-8.2.29+0/bin/win64/ext\php_imagick.dll (Не найден указанный модуль), C:/Users/krlle/AppData/Roaming/Local/lightning-services/php-8.2.29+0/bin/win64/ext\php_php_imagick.dll.dll (Не найден указанный модуль)) in Unknown on line 0
[09-Jul-2026 06:05:14 UTC] PHP Warning:  PHP Startup: Unable to load dynamic library 'php_imagick.dll' (tried: C:/Users/krlle/AppData/Roaming/Local/lightning-services/php-8.2.29+0/bin/win64/ext\php_imagick.dll (Не найден указанный модуль), C:/Users/krlle/AppData/Roaming/Local/lightning-services/php-8.2.29+0/bin/win64/ext\php_php_imagick.dll.dll (Не найден указанный модуль)) in Unknown on line 0
[09-Jul-2026 06:05:35 UTC] PHP Warning:  PHP Startup: Unable to load dynamic library 'php_imagick.dll' (tried: C:/Users/krlle/AppData/Roaming/Local/lightning-services/php-8.2.29+0/bin/win64/ext\php_imagick.dll (Не найден указанный модуль), C:/Users/krlle/AppData/Roaming/Local/lightning-services/php-8.2.29+0/bin/win64/ext\php_php_imagick.dll.dll (Не найден указанный модуль)) in Unknown on line 0
[09-Jul-2026 06:07:24 UTC] PHP Warning:  PHP Startup: Unable to load dynamic library 'php_imagick.dll' (tried: C:/Users/krlle/AppData/Roaming/Local/lightning-services/php-8.2.29+0/bin/win64/ext\php_imagick.dll (Не найден указанный модуль), C:/Users/krlle/AppData/Roaming/Local/lightning-services/php-8.2.29+0/bin/win64/ext\php_php_imagick.dll.dll (Не найден указанный модуль)) in Unknown on line 0
[09-Jul-2026 06:07:25 UTC] PHP Warning:  PHP Startup: Unable to load dynamic library 'php_imagick.dll' (tried: C:/Users/krlle/AppData/Roaming/Local/lightning-services/php-8.2.29+0/bin/win64/ext\php_imagick.dll (Не найден указанный модуль), C:/Users/krlle/AppData/Roaming/Local/lightning-services/php-8.2.29+0/bin/win64/ext\php_php_imagick.dll.dll (Не найден указанный модуль)) in Unknown on line 0
[09-Jul-2026 06:07:26 UTC] PHP Warning:  PHP Startup: Unable to load dynamic library 'php_imagick.dll' (tried: C:/Users/krlle/AppData/Roaming/Local/lightning-services/php-8.2.29+0/bin/win64/ext\php_imagick.dll (Не найден указанный модуль), C:/Users/krlle/AppData/Roaming/Local/lightning-services/php-8.2.29+0/bin/win64/ext\php_php_imagick.dll.dll (Не найден указанный модуль)) in Unknown on line 0
[09-Jul-2026 06:07:55 UTC] PHP Warning:  PHP Startup: Unable to load dynamic library 'php_imagick.dll' (tried: C:/Users/krlle/AppData/Roaming/Local/lightning-services/php-8.2.29+0/bin/win64/ext\php_imagick.dll (Не найден указанный модуль), C:/Users/krlle/AppData/Roaming/Local/lightning-services/php-8.2.29+0/bin/win64/ext\php_php_imagick.dll.dll (Не найден указанный модуль)) in Unknown on line 0
[09-Jul-2026 06:16:40 UTC] PHP Warning:  PHP Startup: Unable to load dynamic library 'php_imagick.dll' (tried: C:/Users/krlle/AppData/Roaming/Local/lightning-services/php-8.2.29+0/bin/win64/ext\php_imagick.dll (Не найден указанный модуль), C:/Users/krlle/AppData/Roaming/Local/lightning-services/php-8.2.29+0/bin/win64/ext\php_php_imagick.dll.dll (Не найден указанный модуль)) in Unknown on line 0
[09-Jul-2026 06:17:32 UTC] PHP Warning:  PHP Startup: Unable to load dynamic library 'php_imagick.dll' (tried: C:/Users/krlle/AppData/Roaming/Local/lightning-services/php-8.2.29+0/bin/win64/ext\php_imagick.dll (Не найден указанный модуль), C:/Users/krlle/AppData/Roaming/Local/lightning-services/php-8.2.29+0/bin/win64/ext\php_php_imagick.dll.dll (Не найден указанный модуль)) in Unknown on line 0
